TEST EXECUTION
----- AUTHENTIFICATION PHASE -----

0. End
1. Authentification
1
If you already have an account, please enter your username and your password:
Username: user
Password: pass

Enter the user (1: Government, 2: Private, 3: Provider)
Enter a number: 1
----- Government Agency Menu -----
1: Analyze Sensors data
2: Private Sensors data
3: Sensors similarity
4: Sensors statistics
5: Air quality
6: Air Cleaners impact
0: End
Enter your choice: 5

Enter the GPS coordinates
Enter latitude: 10
Enter longitude: 1.0
Enter the date
Enter year: 2024
Enter month: 5
Enter day: 4
Enter hour: 12
----- Air Quality Measurement -----
ATMO Index: 1
O3: 13
SO2: 18
NO2: 12
PM10: 1
----- Government Agency Menu -----
1: Analyze Sensors data
2: Private Sensors data
3: Sensors similarity
4: Sensors statistics
5: Air quality
6: Air Cleaners impact
0: End
Enter your choice: 5

Enter the GPS coordinates
Enter latitude: 10
Enter longitude: 0.9
Enter the date
Enter year: 2024
Enter month: 5
Enter day: 5
Enter hour: 12
----- Air Quality Measurement -----
ATMO Index: 2
O3: 32
SO2: 30
NO2: 24.5
PM10: 13.5
----- Government Agency Menu -----
1: Analyze Sensors data
2: Private Sensors data
3: Sensors similarity
4: Sensors statistics
5: Air quality
6: Air Cleaners impact
0: End
Enter your choice: 5

Enter the GPS coordinates
Enter latitude: 10.1
Enter longitude: 0.8
Enter the date
Enter year: 2024
Enter month: 5
Enter day: 4
Enter hour: 12
----- Air Quality Measurement -----
ATMO Index: 1
O3: 10
SO2: 15.5
NO2: 8.5
PM10: 1.5
----- Government Agency Menu -----
1: Analyze Sensors data
2: Private Sensors data
3: Sensors similarity
4: Sensors statistics
5: Air quality
6: Air Cleaners impact
0: End
Enter your choice: 0

----- AUTHENTIFICATION PHASE -----

0. End
1. Authentification
0