1;
2;
Error: The radius must be strictly positive and must not exceed 200;