TEST EXECUTION
----- AUTHENTIFICATION PHASE -----

0. End
1. Authentification
1
If you already have an account, please enter your username and your password:
Username: user
Password: pass

Enter the user (1: Government, 2: Private, 3: Provider)
Enter a number: 1
----- Government Agency Menu -----
1: Analyze Sensors data
2: Private Sensors data
3: Sensors similarity
4: Sensors statistics
5: Air quality
6: Air Cleaners impact
0: End
Enter your choice: 4

Enter the GPS coordinates of the center of the area
Enter latitude: 5
Enter longitude: 5
Enter the radius (in km)
Enter a number: 25
Enter the date 1 (beginning)
Enter year: 2024
Enter month: 5
Enter day: 4
Enter hour: 11
Enter the date 2 (end)
Enter year: 2024
Enter month: 5
Enter day: 5
Enter hour: 13
----- Air Quality Measurement -----
ATMO Index: 1
O3: 21.583
SO2: 21.580
NO2: 16.416
PM10: 5.916
----- Government Agency Menu -----
1: Analyze Sensors data
2: Private Sensors data
3: Sensors similarity
4: Sensors statistics
5: Air quality
6: Air Cleaners impact
0: End
Enter your choice: 4

Enter the GPS coordinates of the center of the area
Enter latitude: 5
Enter longitude: 5
Enter the radius (in km)
Enter a number: 25
Enter the date 1 (beginning)
Enter year: 2024
Enter month: 5
Enter day: 5
Enter hour: 13
Enter the date 2 (end)
Enter year: 2024
Enter month: 5
Enter day: 5
Enter hour: 13
----- Air Quality Measurement -----
ATMO Index: 2
O3: 30.666
SO2: 26.500
NO2: 21.000
PM10: 10.500
----- Government Agency Menu -----
1: Analyze Sensors data
2: Private Sensors data
3: Sensors similarity
4: Sensors statistics
5: Air quality
6: Air Cleaners impact
0: End
Enter your choice: 4

Enter the GPS coordinates of the center of the area
Enter latitude: 5
Enter longitude: 5
Enter the radius (in km)
Enter a number: -5
Error: The radius must be strictly positive and must not exceed 200
----- Government Agency Menu -----
1: Analyze Sensors data
2: Private Sensors data
3: Sensors similarity
4: Sensors statistics
5: Air quality
6: Air Cleaners impact
0: End
Enter your choice: 0

----- AUTHENTIFICATION PHASE -----

0. End
1. Authentification
0