TEST EXECUTION
----- AUTHENTIFICATION PHASE -----

0. End
1. Authentification
1
If you already have an account, please enter your username and your password:
Username: user
Password: pass

Enter the user (1: Government, 2: Private, 3: Provider)
Enter a number: 1
----- Government Agency Menu -----
1: Analyze Sensors data
2: Private Sensors data
3: Sensors similarity
4: Sensors statistics
5: Air quality
6: Air Cleaners impact
0: End
Enter your choice: 3

Enter the sensor ID : 

Enter une chaine de caractère: Sensor1
Enter the date 1 (beginning) : 

Enter year: 2024
Enter month: 5
Enter day: 4
Enter hour: 12
Enter the date 2 (end) : 

Enter year: 2024
Enter month: 5
Enter day: 4
Enter hour: 12
Log sensor list : Sensor2
Log sensor list : Sensor3
Log sensor list : Sensor4
----- List of Sensors -----
Sensor ID: Sensor2      Coordinates: (10, 0.9)  Rank: 1
Sensor ID: Sensor3      Coordinates: (10.1, 0.8)        Rank: 2
Sensor ID: Sensor4      Coordinates: (10.2, 0.8)        Rank: 3
----- Government Agency Menu -----
1: Analyze Sensors data
2: Private Sensors data
3: Sensors similarity
4: Sensors statistics
5: Air quality
6: Air Cleaners impact
0: End
Enter your choice: 3

Enter the sensor ID : 

Enter une chaine de caractère: Sensor2
Enter the date 1 (beginning) : 

Enter year: 2024
Enter month: 5
Enter day: 5
Enter hour: 12
Enter the date 2 (end) : 

Enter year: 2024
Enter month: 5
Enter day: 5
Enter hour: 12
Log sensor list : Sensor1
Log sensor list : Sensor3
Log sensor list : Sensor4
----- List of Sensors -----
Sensor ID: Sensor1      Coordinates: (10, 1)    Rank: 1
Sensor ID: Sensor3      Coordinates: (10.1, 0.8)        Rank: 2
Sensor ID: Sensor4      Coordinates: (10.2, 0.8)        Rank: 3
----- Government Agency Menu -----
1: Analyze Sensors data
2: Private Sensors data
3: Sensors similarity
4: Sensors statistics
5: Air quality
6: Air Cleaners impact
0: End
Enter your choice: 3

Enter the sensor ID : 

Enter une chaine de caractère: Sensor3
Enter the date 1 (beginning) : 

Enter year: 2024
Enter month: 5
Enter day: 4
Enter hour: 12
Enter the date 2 (end) : 

Enter year: 2024
Enter month: 5
Enter day: 4
Enter hour: 12
Log sensor list : Sensor1
Log sensor list : Sensor2
Log sensor list : Sensor4
----- List of Sensors -----
Sensor ID: Sensor1      Coordinates: (10, 1)    Rank: 1
Sensor ID: Sensor2      Coordinates: (10, 0.9)  Rank: 2
Sensor ID: Sensor4      Coordinates: (10.2, 0.8)        Rank: 3
----- Government Agency Menu -----
1: Analyze Sensors data
2: Private Sensors data
3: Sensors similarity
4: Sensors statistics
5: Air quality
6: Air Cleaners impact
0: End
Enter your choice: 0

----- AUTHENTIFICATION PHASE -----

0. End
1. Authentification
0