TEST EXECUTION
----- AUTHENTIFICATION PHASE -----

0. End
1. Authentification

If you already have an account, please enter your username and your password:
Username: 
Password: 

Enter the user (1: Government, 2: Private, 3: Provider)
Enter a number:
----- Government Agency Menu -----
1: Analyze Sensors data
2: Private Sensors data
3: Sensors similarity
4: Sensors statistics
5: Air quality
6: Air Cleaners impact
0: End
Enter your choice:

Enter the sensor ID
Enter une chaine de caractère:
The sensor is perfectly working.
----- Government Agency Menu -----
1: Analyze Sensors data
2: Private Sensors data
3: Sensors similarity
4: Sensors statistics
5: Air quality
6: Air Cleaners impact
0: End
Enter your choice:

Enter the sensor ID
Enter une chaine de caractère:
The sensor is perfectly working.
----- Government Agency Menu -----
1: Analyze Sensors data
2: Private Sensors data
3: Sensors similarity
4: Sensors statistics
5: Air quality
6: Air Cleaners impact
0: End
Enter your choice:

Enter the sensor ID
Enter une chaine de caractère:
The sensor is not functional
----- Government Agency Menu -----
1: Analyze Sensors data
2: Private Sensors data
3: Sensors similarity
4: Sensors statistics
5: Air quality
6: Air Cleaners impact
0: End
Enter your choice:

----- AUTHENTIFICATION PHASE -----

0. End
1. Authentification